// Vitest Snapshot v1, https://vitest.dev/guide/snapshot.html

exports[`StatusCard > renders correctly 1`] = `
<DocumentFragment>
  <div
    class="sc-jSguLX etPCaA"
    data-testid="styled-card"
  >
    <div
      class="sc-bdfCDU cFAzbI"
    >
      Server 1
    </div>
    <div
      class="sc-gsTDqH fiKUpR"
    >
      Healthy
    </div>
    <time
      class="sc-dlfmHC"
    >
      6:02:01 PM
    </time>
    <div
      class="sc-eCstZk"
    >
      localhost
    </div>
  </div>
</DocumentFragment>
`;
